2026-09-19 04:46:16,430 - INFO - Processing URL: https://raw.githubusercontent.com/mfuu/v2ray/master/v2ray
2026-09-19 04:46:16,585 - INFO - Failed to fetch content from URL: https://raw.githubusercontent.com/mfuu/v2ray/master/v2ray
2026-09-19 04:46:16,585 - INFO - Processing URL: https://raw.githubusercontent.com/SamanGho/v2ray_collector/refs/heads/main/base64
2026-09-19 04:46:16,736 - INFO - Failed to fetch content from URL: https://raw.githubusercontent.com/SamanGho/v2ray_collector/refs/heads/main/base64
2026-09-19 04:46:16,736 - INFO - Processing URL: https://bulinkbulink.com/freefq/free/master/v2
2026-09-19 04:46:16,930 - INFO - Processing URL: https://raw.githubusercontent.com/aiboboxx/v2rayfree/main/v2
2026-09-19 04:46:17,052 - INFO - Failed to fetch content from URL: https://raw.githubusercontent.com/aiboboxx/v2rayfree/main/v2
2026-09-19 04:46:17,052 - INFO - Processing URL: https://proxy.v2gh.com/https://raw.githubusercontent.com/Pawdroid/Free-servers/main/sub
2026-09-19 04:46:17,651 - INFO - Processing URL: https://shareclash.github.io/uploads/2026/09/0-20260919.txt
2026-09-19 04:46:17,768 - INFO - Failed to fetch content from URL: https://shareclash.github.io/uploads/2026/09/0-20260919.txt
2026-09-19 04:46:17,769 - INFO - Processing URL: https://shareclash.github.io/uploads/2026/09/1-20260919.txt
2026-09-19 04:46:17,964 - INFO - Failed to fetch content from URL: https://shareclash.github.io/uploads/2026/09/1-20260919.txt
2026-09-19 04:46:17,964 - INFO - Processing URL: https://shareclash.github.io/uploads/2026/09/2-20260919.txt
2026-09-19 04:46:18,084 - INFO - Failed to fetch content from URL: https://shareclash.github.io/uploads/2026/09/2-20260919.txt
2026-09-19 04:46:18,085 - INFO - Processing URL: https://shareclash.github.io/uploads/2026/09/3-20260919.txt
2026-09-19 04:46:18,195 - INFO - Failed to fetch content from URL: https://shareclash.github.io/uploads/2026/09/3-20260919.txt
2026-09-19 04:46:18,195 - INFO - Processing URL: https://shareclash.github.io/uploads/2026/09/4-20260919.txt
2026-09-19 04:46:18,301 - INFO - Failed to fetch content from URL: https://shareclash.github.io/uploads/2026/09/4-20260919.txt
2026-09-19 04:46:18,301 - INFO - Processing URL: https://shareclash.github.io/uploads/2026/09/0-20260918.txt
2026-09-19 04:46:18,427 - INFO - Failed to fetch content from URL: https://shareclash.github.io/uploads/2026/09/0-20260918.txt
2026-09-19 04:46:18,427 - INFO - Processing URL: https://shareclash.github.io/uploads/2026/09/1-20260918.txt
2026-09-19 04:46:18,538 - INFO - Failed to fetch content from URL: https://shareclash.github.io/uploads/2026/09/1-20260918.txt
2026-09-19 04:46:18,538 - INFO - Processing URL: https://shareclash.github.io/uploads/2026/09/2-20260918.txt
2026-09-19 04:46:18,646 - INFO - Failed to fetch content from URL: https://shareclash.github.io/uploads/2026/09/2-20260918.txt
2026-09-19 04:46:18,646 - INFO - Processing URL: https://shareclash.github.io/uploads/2026/09/3-20260918.txt
2026-09-19 04:46:18,749 - INFO - Failed to fetch content from URL: https://shareclash.github.io/uploads/2026/09/3-20260918.txt
2026-09-19 04:46:18,749 - INFO - Processing URL: https://shareclash.github.io/uploads/2026/09/4-20260918.txt
2026-09-19 04:46:18,858 - INFO - Failed to fetch content from URL: https://shareclash.github.io/uploads/2026/09/4-20260918.txt
2026-09-19 04:46:18,858 - INFO - Processing URL: https://raw.githubusercontent.com/ermaozi/get_subscribe/main/subscribe/v2ray.txt
2026-09-19 04:46:18,983 - INFO - Processing URL: https://fs.v2rayse.com/share/20241229/veowliarr5.txt
2026-09-19 04:46:19,300 - INFO - Failed to fetch content from URL: https://fs.v2rayse.com/share/20241229/veowliarr5.txt
2026-09-19 04:46:19,300 - INFO - Processing URL: https://testingcf.jsdelivr.net/gh/chengaopan/AutoMergePublicNodes@master/list.txt
2026-09-19 04:46:19,381 - INFO - Processing URL: https://raw.githubusercontent.com/snakem982/proxypool/main/source/v2ray.txt
2026-09-19 04:46:19,525 - INFO - Failed to fetch content from URL: https://raw.githubusercontent.com/snakem982/proxypool/main/source/v2ray.txt
2026-09-19 04:46:19,526 - INFO - Processing URL: https://raw.githubusercontent.com/a2470982985/getNode/main/v2ray.txt
2026-09-19 04:46:19,694 - INFO - Processing URL: https://raw.githubusercontent.com/Barabama/FreeNodes/main/nodes/yudou66.txt
2026-09-19 04:46:19,855 - INFO - Processing URL: https://raw.githubusercontent.com/Barabama/FreeNodes/main/nodes/clashmeta.txt
2026-09-19 04:46:20,003 - INFO - Processing URL: https://raw.githubusercontent.com/Barabama/FreeNodes/main/nodes/ndnode.txt
2026-09-19 04:46:20,151 - INFO - Processing URL: https://raw.githubusercontent.com/Barabama/FreeNodes/main/nodes/nodev2ray.txt
2026-09-19 04:46:20,297 - INFO - Processing URL: https://raw.githubusercontent.com/Barabama/FreeNodes/main/nodes/nodefree.txt
2026-09-19 04:46:20,455 - INFO - Processing URL: https://raw.githubusercontent.com/Barabama/FreeNodes/main/nodes/v2rayshare.txt
2026-09-19 04:46:20,486 - INFO - Processing URL: https://raw.githubusercontent.com/Barabama/FreeNodes/main/nodes/wenode.txt
